// Jest Snapshot v1, https://goo.gl/fbAQLP

exports[`itemTransaction should render correctly 1`] = `
<View
  accessibilityState={
    {
      "busy": undefined,
      "checked": undefined,
      "disabled": undefined,
      "expanded": undefined,
      "selected": undefined,
    }
  }
  accessibilityValue={
    {
      "max": undefined,
      "min": undefined,
      "now": undefined,
      "text": undefined,
    }
  }
  accessible={true}
  collapsable={false}
  focusable={true}
  onBlur={[Function]}
  onClick={[Function]}
  onFocus={[Function]}
  onResponderGrant={[Function]}
  onResponderMove={[Function]}
  onResponderRelease={[Function]}
  onResponderTerminate={[Function]}
  onResponderTerminationRequest={[Function]}
  onStartShouldSetResponder={[Function]}
>
  <View
    style={
      {
        "alignItems": "center",
        "flexDirection": "row",
        "padding": 10,
      }
    }
  >
    <ViewManagerAdapter_ExpoImage
      borderRadius={10}
      height={55}
      marginRight={11}
      onError={[Function]}
      onLoad={[Function]}
      onLoadStart={[Function]}
      onProgress={[Function]}
      proxiedProperties={
        {
          "contentFit": "cover",
          "contentPosition": {
            "left": "50%",
            "top": "50%",
          },
          "placeholder": [],
          "priority": "high",
          "source": [
            {
              "uri": "https://loremflickr.com/640/480/technics",
            },
          ],
          "tintColor": undefined,
          "transition": null,
        }
      }
      style={
        {
          "borderRadius": 10,
          "height": 55,
          "marginRight": 11,
          "width": 55,
        }
      }
      width={55}
    />
    <View
      style={
        {
          "flex": 1,
        }
      }
    >
      <Text
        style={
          {
            "color": "#000",
            "fontFamily": "AvenirBold",
            "fontSize": 14,
            "fontWeight": "800",
          }
        }
      >
        Fantastic Granite Bacon
      </Text>
      <Text
        style={
          {
            "color": "#000",
            "fontFamily": "AvenirMedium",
            "fontSize": 12,
            "fontWeight": "400",
            "marginTop": 7,
          }
        }
      >
        9 de diciembre, 2022
      </Text>
    </View>
    <Text
      style={
        {
          "color": "#00B833",
          "fontFamily": "AvenirBold",
          "fontSize": 16,
          "fontWeight": "800",
        }
      }
    >
      +
      <Text
        style={
          {
            "color": "#000",
            "fontFamily": "AvenirBold",
            "fontSize": 16,
            "fontWeight": "800",
          }
        }
      >
        42416  &gt;
      </Text>
    </Text>
  </View>
</View>
`;
